// Jest Snapshot v1, https://goo.gl/fbAQLP

exports[`matches snapshot 1`] = `
<DocumentFragment>
  <footer
    class="footer"
  >
    <div
      class="container"
    >
      <div
        class="columns"
      >
        <div
          class="column is-half"
        >
          <div
            class="content is-medium"
          >
            <h6>
              My Language Learner
            </h6>
            <hr />
            <p>
              Designed, Coded, and Created by Ethan Degenhardt
            </p>
            <p>
              ethandeg1996@gmail.com
            </p>
            <p>
              (636) 373-3435
            </p>
          </div>
        </div>
        <div
          class="column is-half"
        >
          <div
            class="content is-medium"
          >
            <h6>
              Creation
            </h6>
            <hr />
            <p
              class=""
            >
              This app was made with the following technology stack:
            </p>
            <ul
              class="content is-small"
            >
              <li>
                NodeJS
              </li>
              <li>
                Express
              </li>
              <li>
                React
              </li>
              <li>
                Redux
              </li>
              <li>
                Bulma CSS
              </li>
            </ul>
          </div>
        </div>
      </div>
    </div>
  </footer>
</DocumentFragment>
`;
